2026-01-28 15:53:15,027 - waitress - INFO - Serving on http://0.0.0.0:5000
2026-01-28 15:53:19,169 - app - ERROR - Exception on /login [GET]
Traceback (most recent call last):
  File "/home/kasmi/Disk/Software/python/packages/flask/app.py", line 1511, in wsgi_app
    response = self.full_dispatch_request()
               ^^^^^^^^^^^^^^^^^^^^^^^^^^^^
  File "/home/kasmi/Disk/Software/python/packages/flask/app.py", line 919, in full_dispatch_request
    rv = self.handle_user_exception(e)
         ^^^^^^^^^^^^^^^^^^^^^^^^^^^^^
  File "/home/kasmi/Disk/Software/python/packages/flask_cors/extension.py", line 176, in wrapped_function
    return cors_after_request(app.make_response(f(*args, **kwargs)))
                                                ^^^^^^^^^^^^^^^^^^
  File "/home/kasmi/Disk/Software/python/packages/flask/app.py", line 917, in full_dispatch_request
    rv = self.dispatch_request()
         ^^^^^^^^^^^^^^^^^^^^^^^
  File "/home/kasmi/Disk/Software/python/packages/flask/app.py", line 902, in dispatch_request
    return self.ensure_sync(self.view_functions[rule.endpoint])(**view_args)  # type: ignore[no-any-return]
           ^^^^^^^^^^^^^^^^^^^^^^^^^^^^^^^^^^^^^^^^^^^^^^^^^^^^^^^^^^^^^^^^^
  File "/home/kasmi/Disk/Software/opt/apps/mylims_v202508_UI/app.py", line 348, in view_login
    return render_template('lims_login.html')
           ^^^^^^^^^^^^^^^^^^^^^^^^^^^^^^^^^^
  File "/home/kasmi/Disk/Software/python/packages/flask/templating.py", line 149, in render_template
    template = app.jinja_env.get_or_select_template(template_name_or_list)
               ^^^^^^^^^^^^^^^^^^^^^^^^^^^^^^^^^^^^^^^^^^^^^^^^^^^^^^^^^^^
  File "/home/kasmi/Disk/Software/python/packages/jinja2/environment.py", line 1087, in get_or_select_template
    return self.get_template(template_name_or_list, parent, globals)
           ^^^^^^^^^^^^^^^^^^^^^^^^^^^^^^^^^^^^^^^^^^^^^^^^^^^^^^^^^
  File "/home/kasmi/Disk/Software/python/packages/jinja2/environment.py", line 1016, in get_template
    return self._load_template(name, globals)
           ^^^^^^^^^^^^^^^^^^^^^^^^^^^^^^^^^^
  File "/home/kasmi/Disk/Software/python/packages/jinja2/environment.py", line 975, in _load_template
    template = self.loader.load(self, name, self.make_globals(globals))
               ^^^^^^^^^^^^^^^^^^^^^^^^^^^^^^^^^^^^^^^^^^^^^^^^^^^^^^^^
  File "/home/kasmi/Disk/Software/python/packages/jinja2/loaders.py", line 126, in load
    source, filename, uptodate = self.get_source(environment, name)
                                 ^^^^^^^^^^^^^^^^^^^^^^^^^^^^^^^^^^
  File "/home/kasmi/Disk/Software/python/packages/flask/templating.py", line 65, in get_source
    return self._get_source_fast(environment, template)
           ^^^^^^^^^^^^^^^^^^^^^^^^^^^^^^^^^^^^^^^^^^^^
  File "/home/kasmi/Disk/Software/python/packages/flask/templating.py", line 99, in _get_source_fast
    raise TemplateNotFound(template)
jinja2.exceptions.TemplateNotFound: lims_login.html
2026-01-28 15:53:19,171 - GenFishLIMS - WARNING - Database transaction rolled back due to exception.
2026-01-28 15:54:30,688 - app - ERROR - Exception on /login [GET]
Traceback (most recent call last):
  File "/home/kasmi/Disk/Software/python/packages/flask/app.py", line 1511, in wsgi_app
    response = self.full_dispatch_request()
               ^^^^^^^^^^^^^^^^^^^^^^^^^^^^
  File "/home/kasmi/Disk/Software/python/packages/flask/app.py", line 919, in full_dispatch_request
    rv = self.handle_user_exception(e)
         ^^^^^^^^^^^^^^^^^^^^^^^^^^^^^
  File "/home/kasmi/Disk/Software/python/packages/flask_cors/extension.py", line 176, in wrapped_function
    return cors_after_request(app.make_response(f(*args, **kwargs)))
                                                ^^^^^^^^^^^^^^^^^^
  File "/home/kasmi/Disk/Software/python/packages/flask/app.py", line 917, in full_dispatch_request
    rv = self.dispatch_request()
         ^^^^^^^^^^^^^^^^^^^^^^^
  File "/home/kasmi/Disk/Software/python/packages/flask/app.py", line 902, in dispatch_request
    return self.ensure_sync(self.view_functions[rule.endpoint])(**view_args)  # type: ignore[no-any-return]
           ^^^^^^^^^^^^^^^^^^^^^^^^^^^^^^^^^^^^^^^^^^^^^^^^^^^^^^^^^^^^^^^^^
  File "/home/kasmi/Disk/Software/opt/apps/mylims_v202508_UI/app.py", line 348, in view_login
    return render_template('lims_login.html')
           ^^^^^^^^^^^^^^^^^^^^^^^^^^^^^^^^^^
  File "/home/kasmi/Disk/Software/python/packages/flask/templating.py", line 150, in render_template
    return _render(app, template, context)
           ^^^^^^^^^^^^^^^^^^^^^^^^^^^^^^^
  File "/home/kasmi/Disk/Software/python/packages/flask/templating.py", line 131, in _render
    rv = template.render(context)
         ^^^^^^^^^^^^^^^^^^^^^^^^
  File "/home/kasmi/Disk/Software/python/packages/jinja2/environment.py", line 1295, in render
    self.environment.handle_exception()
  File "/home/kasmi/Disk/Software/python/packages/jinja2/environment.py", line 942, in handle_exception
    raise rewrite_traceback_stack(source=source)
  File "/home/kasmi/Disk/Software/opt/apps/mylims_v202508_UI/templates/lims_login.html", line 44, in top-level template code
    <form action="{{ url_for('login') }}" method="POST" class="space-y-6">
    ^^^^^^^^^^^^^^^^^^^^^^^^^
  File "/home/kasmi/Disk/Software/python/packages/flask/app.py", line 1121, in url_for
    return self.handle_url_build_error(error, endpoint, values)
           ^^^^^^^^^^^^^^^^^^^^^^^^^^^^^^^^^^^^^^^^^^^^^^^^^^^^
  File "/home/kasmi/Disk/Software/python/packages/flask/app.py", line 1110, in url_for
    rv = url_adapter.build(  # type: ignore[union-attr]
         ^^^^^^^^^^^^^^^^^^^^^^^^^^^^^^^^^^^^^^^^^^^^^^
  File "/home/kasmi/Disk/Software/python/packages/werkzeug/routing/map.py", line 924, in build
    raise BuildError(endpoint, values, method, self)
werkzeug.routing.exceptions.BuildError: Could not build url for endpoint 'login'. Did you mean 'api_login' instead?
2026-01-28 15:54:30,689 - GenFishLIMS - WARNING - Database transaction rolled back due to exception.
2026-01-28 15:54:38,565 - app - ERROR - Exception on /login [GET]
Traceback (most recent call last):
  File "/home/kasmi/Disk/Software/python/packages/flask/app.py", line 1511, in wsgi_app
    response = self.full_dispatch_request()
               ^^^^^^^^^^^^^^^^^^^^^^^^^^^^
  File "/home/kasmi/Disk/Software/python/packages/flask/app.py", line 919, in full_dispatch_request
    rv = self.handle_user_exception(e)
         ^^^^^^^^^^^^^^^^^^^^^^^^^^^^^
  File "/home/kasmi/Disk/Software/python/packages/flask_cors/extension.py", line 176, in wrapped_function
    return cors_after_request(app.make_response(f(*args, **kwargs)))
                                                ^^^^^^^^^^^^^^^^^^
  File "/home/kasmi/Disk/Software/python/packages/flask/app.py", line 917, in full_dispatch_request
    rv = self.dispatch_request()
         ^^^^^^^^^^^^^^^^^^^^^^^
  File "/home/kasmi/Disk/Software/python/packages/flask/app.py", line 902, in dispatch_request
    return self.ensure_sync(self.view_functions[rule.endpoint])(**view_args)  # type: ignore[no-any-return]
           ^^^^^^^^^^^^^^^^^^^^^^^^^^^^^^^^^^^^^^^^^^^^^^^^^^^^^^^^^^^^^^^^^
  File "/home/kasmi/Disk/Software/opt/apps/mylims_v202508_UI/app.py", line 348, in view_login
    return render_template('lims_login.html')
           ^^^^^^^^^^^^^^^^^^^^^^^^^^^^^^^^^^
  File "/home/kasmi/Disk/Software/python/packages/flask/templating.py", line 150, in render_template
    return _render(app, template, context)
           ^^^^^^^^^^^^^^^^^^^^^^^^^^^^^^^
  File "/home/kasmi/Disk/Software/python/packages/flask/templating.py", line 131, in _render
    rv = template.render(context)
         ^^^^^^^^^^^^^^^^^^^^^^^^
  File "/home/kasmi/Disk/Software/python/packages/jinja2/environment.py", line 1295, in render
    self.environment.handle_exception()
  File "/home/kasmi/Disk/Software/python/packages/jinja2/environment.py", line 942, in handle_exception
    raise rewrite_traceback_stack(source=source)
  File "/home/kasmi/Disk/Software/opt/apps/mylims_v202508_UI/templates/lims_login.html", line 44, in top-level template code
    <form action="{{ url_for('login') }}" method="POST" class="space-y-6">
    ^^^^^^^^^^^^^^^^^^^^^^^^^
  File "/home/kasmi/Disk/Software/python/packages/flask/app.py", line 1121, in url_for
    return self.handle_url_build_error(error, endpoint, values)
           ^^^^^^^^^^^^^^^^^^^^^^^^^^^^^^^^^^^^^^^^^^^^^^^^^^^^
  File "/home/kasmi/Disk/Software/python/packages/flask/app.py", line 1110, in url_for
    rv = url_adapter.build(  # type: ignore[union-attr]
         ^^^^^^^^^^^^^^^^^^^^^^^^^^^^^^^^^^^^^^^^^^^^^^
  File "/home/kasmi/Disk/Software/python/packages/werkzeug/routing/map.py", line 924, in build
    raise BuildError(endpoint, values, method, self)
werkzeug.routing.exceptions.BuildError: Could not build url for endpoint 'login'. Did you mean 'api_login' instead?
2026-01-28 15:54:38,566 - GenFishLIMS - WARNING - Database transaction rolled back due to exception.
2026-01-28 15:54:38,925 - app - ERROR - Exception on /login [GET]
Traceback (most recent call last):
  File "/home/kasmi/Disk/Software/python/packages/flask/app.py", line 1511, in wsgi_app
    response = self.full_dispatch_request()
               ^^^^^^^^^^^^^^^^^^^^^^^^^^^^
  File "/home/kasmi/Disk/Software/python/packages/flask/app.py", line 919, in full_dispatch_request
    rv = self.handle_user_exception(e)
         ^^^^^^^^^^^^^^^^^^^^^^^^^^^^^
  File "/home/kasmi/Disk/Software/python/packages/flask_cors/extension.py", line 176, in wrapped_function
    return cors_after_request(app.make_response(f(*args, **kwargs)))
                                                ^^^^^^^^^^^^^^^^^^
  File "/home/kasmi/Disk/Software/python/packages/flask/app.py", line 917, in full_dispatch_request
    rv = self.dispatch_request()
         ^^^^^^^^^^^^^^^^^^^^^^^
  File "/home/kasmi/Disk/Software/python/packages/flask/app.py", line 902, in dispatch_request
    return self.ensure_sync(self.view_functions[rule.endpoint])(**view_args)  # type: ignore[no-any-return]
           ^^^^^^^^^^^^^^^^^^^^^^^^^^^^^^^^^^^^^^^^^^^^^^^^^^^^^^^^^^^^^^^^^
  File "/home/kasmi/Disk/Software/opt/apps/mylims_v202508_UI/app.py", line 348, in view_login
    return render_template('lims_login.html')
           ^^^^^^^^^^^^^^^^^^^^^^^^^^^^^^^^^^
  File "/home/kasmi/Disk/Software/python/packages/flask/templating.py", line 150, in render_template
    return _render(app, template, context)
           ^^^^^^^^^^^^^^^^^^^^^^^^^^^^^^^
  File "/home/kasmi/Disk/Software/python/packages/flask/templating.py", line 131, in _render
    rv = template.render(context)
         ^^^^^^^^^^^^^^^^^^^^^^^^
  File "/home/kasmi/Disk/Software/python/packages/jinja2/environment.py", line 1295, in render
    self.environment.handle_exception()
  File "/home/kasmi/Disk/Software/python/packages/jinja2/environment.py", line 942, in handle_exception
    raise rewrite_traceback_stack(source=source)
  File "/home/kasmi/Disk/Software/opt/apps/mylims_v202508_UI/templates/lims_login.html", line 44, in top-level template code
    <form action="{{ url_for('login') }}" method="POST" class="space-y-6">
    ^^^^^^^^^^^^^^^^^^^^^^^^^
  File "/home/kasmi/Disk/Software/python/packages/flask/app.py", line 1121, in url_for
    return self.handle_url_build_error(error, endpoint, values)
           ^^^^^^^^^^^^^^^^^^^^^^^^^^^^^^^^^^^^^^^^^^^^^^^^^^^^
  File "/home/kasmi/Disk/Software/python/packages/flask/app.py", line 1110, in url_for
    rv = url_adapter.build(  # type: ignore[union-attr]
         ^^^^^^^^^^^^^^^^^^^^^^^^^^^^^^^^^^^^^^^^^^^^^^
  File "/home/kasmi/Disk/Software/python/packages/werkzeug/routing/map.py", line 924, in build
    raise BuildError(endpoint, values, method, self)
werkzeug.routing.exceptions.BuildError: Could not build url for endpoint 'login'. Did you mean 'api_login' instead?
2026-01-28 15:54:38,926 - GenFishLIMS - WARNING - Database transaction rolled back due to exception.
2026-01-28 15:54:44,254 - waitress - INFO - Serving on http://0.0.0.0:5000
2026-01-28 15:54:47,016 - app - ERROR - Exception on /login [GET]
Traceback (most recent call last):
  File "/home/kasmi/Disk/Software/python/packages/flask/app.py", line 1511, in wsgi_app
    response = self.full_dispatch_request()
               ^^^^^^^^^^^^^^^^^^^^^^^^^^^^
  File "/home/kasmi/Disk/Software/python/packages/flask/app.py", line 919, in full_dispatch_request
    rv = self.handle_user_exception(e)
         ^^^^^^^^^^^^^^^^^^^^^^^^^^^^^
  File "/home/kasmi/Disk/Software/python/packages/flask_cors/extension.py", line 176, in wrapped_function
    return cors_after_request(app.make_response(f(*args, **kwargs)))
                                                ^^^^^^^^^^^^^^^^^^
  File "/home/kasmi/Disk/Software/python/packages/flask/app.py", line 917, in full_dispatch_request
    rv = self.dispatch_request()
         ^^^^^^^^^^^^^^^^^^^^^^^
  File "/home/kasmi/Disk/Software/python/packages/flask/app.py", line 902, in dispatch_request
    return self.ensure_sync(self.view_functions[rule.endpoint])(**view_args)  # type: ignore[no-any-return]
           ^^^^^^^^^^^^^^^^^^^^^^^^^^^^^^^^^^^^^^^^^^^^^^^^^^^^^^^^^^^^^^^^^
  File "/home/kasmi/Disk/Software/opt/apps/mylims_v202508_UI/app.py", line 348, in view_login
    return render_template('lims_login.html')
           ^^^^^^^^^^^^^^^^^^^^^^^^^^^^^^^^^^
  File "/home/kasmi/Disk/Software/python/packages/flask/templating.py", line 150, in render_template
    return _render(app, template, context)
           ^^^^^^^^^^^^^^^^^^^^^^^^^^^^^^^
  File "/home/kasmi/Disk/Software/python/packages/flask/templating.py", line 131, in _render
    rv = template.render(context)
         ^^^^^^^^^^^^^^^^^^^^^^^^
  File "/home/kasmi/Disk/Software/python/packages/jinja2/environment.py", line 1295, in render
    self.environment.handle_exception()
  File "/home/kasmi/Disk/Software/python/packages/jinja2/environment.py", line 942, in handle_exception
    raise rewrite_traceback_stack(source=source)
  File "/home/kasmi/Disk/Software/opt/apps/mylims_v202508_UI/templates/lims_login.html", line 44, in top-level template code
    <form action="{{ url_for('login') }}" method="POST" class="space-y-6">
    ^^^^^^^^^^^^^^^^^^^^^^^^^
  File "/home/kasmi/Disk/Software/python/packages/flask/app.py", line 1121, in url_for
    return self.handle_url_build_error(error, endpoint, values)
           ^^^^^^^^^^^^^^^^^^^^^^^^^^^^^^^^^^^^^^^^^^^^^^^^^^^^
  File "/home/kasmi/Disk/Software/python/packages/flask/app.py", line 1110, in url_for
    rv = url_adapter.build(  # type: ignore[union-attr]
         ^^^^^^^^^^^^^^^^^^^^^^^^^^^^^^^^^^^^^^^^^^^^^^
  File "/home/kasmi/Disk/Software/python/packages/werkzeug/routing/map.py", line 924, in build
    raise BuildError(endpoint, values, method, self)
werkzeug.routing.exceptions.BuildError: Could not build url for endpoint 'login'. Did you mean 'api_login' instead?
2026-01-28 15:54:47,019 - GenFishLIMS - WARNING - Database transaction rolled back due to exception.
2026-01-28 15:54:47,287 - app - ERROR - Exception on /login [GET]
Traceback (most recent call last):
  File "/home/kasmi/Disk/Software/python/packages/flask/app.py", line 1511, in wsgi_app
    response = self.full_dispatch_request()
               ^^^^^^^^^^^^^^^^^^^^^^^^^^^^
  File "/home/kasmi/Disk/Software/python/packages/flask/app.py", line 919, in full_dispatch_request
    rv = self.handle_user_exception(e)
         ^^^^^^^^^^^^^^^^^^^^^^^^^^^^^
  File "/home/kasmi/Disk/Software/python/packages/flask_cors/extension.py", line 176, in wrapped_function
    return cors_after_request(app.make_response(f(*args, **kwargs)))
                                                ^^^^^^^^^^^^^^^^^^
  File "/home/kasmi/Disk/Software/python/packages/flask/app.py", line 917, in full_dispatch_request
    rv = self.dispatch_request()
         ^^^^^^^^^^^^^^^^^^^^^^^
  File "/home/kasmi/Disk/Software/python/packages/flask/app.py", line 902, in dispatch_request
    return self.ensure_sync(self.view_functions[rule.endpoint])(**view_args)  # type: ignore[no-any-return]
           ^^^^^^^^^^^^^^^^^^^^^^^^^^^^^^^^^^^^^^^^^^^^^^^^^^^^^^^^^^^^^^^^^
  File "/home/kasmi/Disk/Software/opt/apps/mylims_v202508_UI/app.py", line 348, in view_login
    return render_template('lims_login.html')
           ^^^^^^^^^^^^^^^^^^^^^^^^^^^^^^^^^^
  File "/home/kasmi/Disk/Software/python/packages/flask/templating.py", line 150, in render_template
    return _render(app, template, context)
           ^^^^^^^^^^^^^^^^^^^^^^^^^^^^^^^
  File "/home/kasmi/Disk/Software/python/packages/flask/templating.py", line 131, in _render
    rv = template.render(context)
         ^^^^^^^^^^^^^^^^^^^^^^^^
  File "/home/kasmi/Disk/Software/python/packages/jinja2/environment.py", line 1295, in render
    self.environment.handle_exception()
  File "/home/kasmi/Disk/Software/python/packages/jinja2/environment.py", line 942, in handle_exception
    raise rewrite_traceback_stack(source=source)
  File "/home/kasmi/Disk/Software/opt/apps/mylims_v202508_UI/templates/lims_login.html", line 44, in top-level template code
    <form action="{{ url_for('login') }}" method="POST" class="space-y-6">
    ^^^^^^^^^^^^^^^^^^^^^^^^^
  File "/home/kasmi/Disk/Software/python/packages/flask/app.py", line 1121, in url_for
    return self.handle_url_build_error(error, endpoint, values)
           ^^^^^^^^^^^^^^^^^^^^^^^^^^^^^^^^^^^^^^^^^^^^^^^^^^^^
  File "/home/kasmi/Disk/Software/python/packages/flask/app.py", line 1110, in url_for
    rv = url_adapter.build(  # type: ignore[union-attr]
         ^^^^^^^^^^^^^^^^^^^^^^^^^^^^^^^^^^^^^^^^^^^^^^
  File "/home/kasmi/Disk/Software/python/packages/werkzeug/routing/map.py", line 924, in build
    raise BuildError(endpoint, values, method, self)
werkzeug.routing.exceptions.BuildError: Could not build url for endpoint 'login'. Did you mean 'api_login' instead?
2026-01-28 15:54:47,289 - GenFishLIMS - WARNING - Database transaction rolled back due to exception.
2026-01-28 15:58:22,559 - waitress - INFO - Serving on http://0.0.0.0:5000
2026-01-28 15:58:28,550 - app - ERROR - Exception on /login [GET]
Traceback (most recent call last):
  File "/home/kasmi/Disk/Software/python/packages/flask/app.py", line 1511, in wsgi_app
    response = self.full_dispatch_request()
               ^^^^^^^^^^^^^^^^^^^^^^^^^^^^
  File "/home/kasmi/Disk/Software/python/packages/flask/app.py", line 919, in full_dispatch_request
    rv = self.handle_user_exception(e)
         ^^^^^^^^^^^^^^^^^^^^^^^^^^^^^
  File "/home/kasmi/Disk/Software/python/packages/flask_cors/extension.py", line 176, in wrapped_function
    return cors_after_request(app.make_response(f(*args, **kwargs)))
                                                ^^^^^^^^^^^^^^^^^^
  File "/home/kasmi/Disk/Software/python/packages/flask/app.py", line 917, in full_dispatch_request
    rv = self.dispatch_request()
         ^^^^^^^^^^^^^^^^^^^^^^^
  File "/home/kasmi/Disk/Software/python/packages/flask/app.py", line 902, in dispatch_request
    return self.ensure_sync(self.view_functions[rule.endpoint])(**view_args)  # type: ignore[no-any-return]
           ^^^^^^^^^^^^^^^^^^^^^^^^^^^^^^^^^^^^^^^^^^^^^^^^^^^^^^^^^^^^^^^^^
  File "/home/kasmi/Disk/Software/opt/apps/mylims_v202508_UI/app.py", line 348, in view_login
    return render_template('lims_login.html')
           ^^^^^^^^^^^^^^^^^^^^^^^^^^^^^^^^^^
  File "/home/kasmi/Disk/Software/python/packages/flask/templating.py", line 150, in render_template
    return _render(app, template, context)
           ^^^^^^^^^^^^^^^^^^^^^^^^^^^^^^^
  File "/home/kasmi/Disk/Software/python/packages/flask/templating.py", line 131, in _render
    rv = template.render(context)
         ^^^^^^^^^^^^^^^^^^^^^^^^
  File "/home/kasmi/Disk/Software/python/packages/jinja2/environment.py", line 1295, in render
    self.environment.handle_exception()
  File "/home/kasmi/Disk/Software/python/packages/jinja2/environment.py", line 942, in handle_exception
    raise rewrite_traceback_stack(source=source)
  File "/home/kasmi/Disk/Software/opt/apps/mylims_v202508_UI/templates/lims_login.html", line 44, in top-level template code
    <form action="{{ url_for('login') }}" method="POST" class="space-y-6">
    ^^^^^^^^^^^^^^^^^^^^^^^^^
  File "/home/kasmi/Disk/Software/python/packages/flask/app.py", line 1121, in url_for
    return self.handle_url_build_error(error, endpoint, values)
           ^^^^^^^^^^^^^^^^^^^^^^^^^^^^^^^^^^^^^^^^^^^^^^^^^^^^
  File "/home/kasmi/Disk/Software/python/packages/flask/app.py", line 1110, in url_for
    rv = url_adapter.build(  # type: ignore[union-attr]
         ^^^^^^^^^^^^^^^^^^^^^^^^^^^^^^^^^^^^^^^^^^^^^^
  File "/home/kasmi/Disk/Software/python/packages/werkzeug/routing/map.py", line 924, in build
    raise BuildError(endpoint, values, method, self)
werkzeug.routing.exceptions.BuildError: Could not build url for endpoint 'login'. Did you mean 'api_login' instead?
2026-01-28 15:58:28,553 - GenFishLIMS - WARNING - Database transaction rolled back due to exception.
2026-01-28 15:58:45,845 - waitress - INFO - Serving on http://0.0.0.0:5000
2026-01-28 15:58:47,939 - app - ERROR - Exception on /login [GET]
Traceback (most recent call last):
  File "/home/kasmi/Disk/Software/python/packages/flask/app.py", line 1511, in wsgi_app
    response = self.full_dispatch_request()
               ^^^^^^^^^^^^^^^^^^^^^^^^^^^^
  File "/home/kasmi/Disk/Software/python/packages/flask/app.py", line 919, in full_dispatch_request
    rv = self.handle_user_exception(e)
         ^^^^^^^^^^^^^^^^^^^^^^^^^^^^^
  File "/home/kasmi/Disk/Software/python/packages/flask_cors/extension.py", line 176, in wrapped_function
    return cors_after_request(app.make_response(f(*args, **kwargs)))
                                                ^^^^^^^^^^^^^^^^^^
  File "/home/kasmi/Disk/Software/python/packages/flask/app.py", line 917, in full_dispatch_request
    rv = self.dispatch_request()
         ^^^^^^^^^^^^^^^^^^^^^^^
  File "/home/kasmi/Disk/Software/python/packages/flask/app.py", line 902, in dispatch_request
    return self.ensure_sync(self.view_functions[rule.endpoint])(**view_args)  # type: ignore[no-any-return]
           ^^^^^^^^^^^^^^^^^^^^^^^^^^^^^^^^^^^^^^^^^^^^^^^^^^^^^^^^^^^^^^^^^
  File "/home/kasmi/Disk/Software/opt/apps/mylims_v202508_UI/app.py", line 348, in view_login
    return render_template('lims_login.html')
           ^^^^^^^^^^^^^^^^^^^^^^^^^^^^^^^^^^
  File "/home/kasmi/Disk/Software/python/packages/flask/templating.py", line 150, in render_template
    return _render(app, template, context)
           ^^^^^^^^^^^^^^^^^^^^^^^^^^^^^^^
  File "/home/kasmi/Disk/Software/python/packages/flask/templating.py", line 131, in _render
    rv = template.render(context)
         ^^^^^^^^^^^^^^^^^^^^^^^^
  File "/home/kasmi/Disk/Software/python/packages/jinja2/environment.py", line 1295, in render
    self.environment.handle_exception()
  File "/home/kasmi/Disk/Software/python/packages/jinja2/environment.py", line 942, in handle_exception
    raise rewrite_traceback_stack(source=source)
  File "/home/kasmi/Disk/Software/opt/apps/mylims_v202508_UI/templates/lims_login.html", line 44, in top-level template code
    <form action="{{ url_for('login') }}" method="POST" class="space-y-6">
    ^^^^^^^^^^^^^^^^^^^^^^^^^
  File "/home/kasmi/Disk/Software/python/packages/flask/app.py", line 1121, in url_for
    return self.handle_url_build_error(error, endpoint, values)
           ^^^^^^^^^^^^^^^^^^^^^^^^^^^^^^^^^^^^^^^^^^^^^^^^^^^^
  File "/home/kasmi/Disk/Software/python/packages/flask/app.py", line 1110, in url_for
    rv = url_adapter.build(  # type: ignore[union-attr]
         ^^^^^^^^^^^^^^^^^^^^^^^^^^^^^^^^^^^^^^^^^^^^^^
  File "/home/kasmi/Disk/Software/python/packages/werkzeug/routing/map.py", line 924, in build
    raise BuildError(endpoint, values, method, self)
werkzeug.routing.exceptions.BuildError: Could not build url for endpoint 'login'. Did you mean 'api_login' instead?
2026-01-28 15:58:47,941 - GenFishLIMS - WARNING - Database transaction rolled back due to exception.
2026-01-28 15:58:48,418 - app - ERROR - Exception on /login [GET]
Traceback (most recent call last):
  File "/home/kasmi/Disk/Software/python/packages/flask/app.py", line 1511, in wsgi_app
    response = self.full_dispatch_request()
               ^^^^^^^^^^^^^^^^^^^^^^^^^^^^
  File "/home/kasmi/Disk/Software/python/packages/flask/app.py", line 919, in full_dispatch_request
    rv = self.handle_user_exception(e)
         ^^^^^^^^^^^^^^^^^^^^^^^^^^^^^
  File "/home/kasmi/Disk/Software/python/packages/flask_cors/extension.py", line 176, in wrapped_function
    return cors_after_request(app.make_response(f(*args, **kwargs)))
                                                ^^^^^^^^^^^^^^^^^^
  File "/home/kasmi/Disk/Software/python/packages/flask/app.py", line 917, in full_dispatch_request
    rv = self.dispatch_request()
         ^^^^^^^^^^^^^^^^^^^^^^^
  File "/home/kasmi/Disk/Software/python/packages/flask/app.py", line 902, in dispatch_request
    return self.ensure_sync(self.view_functions[rule.endpoint])(**view_args)  # type: ignore[no-any-return]
           ^^^^^^^^^^^^^^^^^^^^^^^^^^^^^^^^^^^^^^^^^^^^^^^^^^^^^^^^^^^^^^^^^
  File "/home/kasmi/Disk/Software/opt/apps/mylims_v202508_UI/app.py", line 348, in view_login
    return render_template('lims_login.html')
           ^^^^^^^^^^^^^^^^^^^^^^^^^^^^^^^^^^
  File "/home/kasmi/Disk/Software/python/packages/flask/templating.py", line 150, in render_template
    return _render(app, template, context)
           ^^^^^^^^^^^^^^^^^^^^^^^^^^^^^^^
  File "/home/kasmi/Disk/Software/python/packages/flask/templating.py", line 131, in _render
    rv = template.render(context)
         ^^^^^^^^^^^^^^^^^^^^^^^^
  File "/home/kasmi/Disk/Software/python/packages/jinja2/environment.py", line 1295, in render
    self.environment.handle_exception()
  File "/home/kasmi/Disk/Software/python/packages/jinja2/environment.py", line 942, in handle_exception
    raise rewrite_traceback_stack(source=source)
  File "/home/kasmi/Disk/Software/opt/apps/mylims_v202508_UI/templates/lims_login.html", line 44, in top-level template code
    <form action="{{ url_for('login') }}" method="POST" class="space-y-6">
    ^^^^^^^^^^^^^^^^^^^^^^^^^
  File "/home/kasmi/Disk/Software/python/packages/flask/app.py", line 1121, in url_for
    return self.handle_url_build_error(error, endpoint, values)
           ^^^^^^^^^^^^^^^^^^^^^^^^^^^^^^^^^^^^^^^^^^^^^^^^^^^^
  File "/home/kasmi/Disk/Software/python/packages/flask/app.py", line 1110, in url_for
    rv = url_adapter.build(  # type: ignore[union-attr]
         ^^^^^^^^^^^^^^^^^^^^^^^^^^^^^^^^^^^^^^^^^^^^^^
  File "/home/kasmi/Disk/Software/python/packages/werkzeug/routing/map.py", line 924, in build
    raise BuildError(endpoint, values, method, self)
werkzeug.routing.exceptions.BuildError: Could not build url for endpoint 'login'. Did you mean 'api_login' instead?
2026-01-28 15:58:48,420 - GenFishLIMS - WARNING - Database transaction rolled back due to exception.
2026-01-28 15:59:01,946 - app - ERROR - Exception on /login [GET]
Traceback (most recent call last):
  File "/home/kasmi/Disk/Software/python/packages/flask/app.py", line 1511, in wsgi_app
    response = self.full_dispatch_request()
               ^^^^^^^^^^^^^^^^^^^^^^^^^^^^
  File "/home/kasmi/Disk/Software/python/packages/flask/app.py", line 919, in full_dispatch_request
    rv = self.handle_user_exception(e)
         ^^^^^^^^^^^^^^^^^^^^^^^^^^^^^
  File "/home/kasmi/Disk/Software/python/packages/flask_cors/extension.py", line 176, in wrapped_function
    return cors_after_request(app.make_response(f(*args, **kwargs)))
                                                ^^^^^^^^^^^^^^^^^^
  File "/home/kasmi/Disk/Software/python/packages/flask/app.py", line 917, in full_dispatch_request
    rv = self.dispatch_request()
         ^^^^^^^^^^^^^^^^^^^^^^^
  File "/home/kasmi/Disk/Software/python/packages/flask/app.py", line 902, in dispatch_request
    return self.ensure_sync(self.view_functions[rule.endpoint])(**view_args)  # type: ignore[no-any-return]
           ^^^^^^^^^^^^^^^^^^^^^^^^^^^^^^^^^^^^^^^^^^^^^^^^^^^^^^^^^^^^^^^^^
  File "/home/kasmi/Disk/Software/opt/apps/mylims_v202508_UI/app.py", line 348, in view_login
    return render_template('lims_login.html')
           ^^^^^^^^^^^^^^^^^^^^^^^^^^^^^^^^^^
  File "/home/kasmi/Disk/Software/python/packages/flask/templating.py", line 150, in render_template
    return _render(app, template, context)
           ^^^^^^^^^^^^^^^^^^^^^^^^^^^^^^^
  File "/home/kasmi/Disk/Software/python/packages/flask/templating.py", line 131, in _render
    rv = template.render(context)
         ^^^^^^^^^^^^^^^^^^^^^^^^
  File "/home/kasmi/Disk/Software/python/packages/jinja2/environment.py", line 1295, in render
    self.environment.handle_exception()
  File "/home/kasmi/Disk/Software/python/packages/jinja2/environment.py", line 942, in handle_exception
    raise rewrite_traceback_stack(source=source)
  File "/home/kasmi/Disk/Software/opt/apps/mylims_v202508_UI/templates/lims_login.html", line 44, in top-level template code
    <form action="{{ url_for('login') }}" method="POST" class="space-y-6">
    ^^^^^^^^^^^^^^^^^^^^^^^^^
  File "/home/kasmi/Disk/Software/python/packages/flask/app.py", line 1121, in url_for
    return self.handle_url_build_error(error, endpoint, values)
           ^^^^^^^^^^^^^^^^^^^^^^^^^^^^^^^^^^^^^^^^^^^^^^^^^^^^
  File "/home/kasmi/Disk/Software/python/packages/flask/app.py", line 1110, in url_for
    rv = url_adapter.build(  # type: ignore[union-attr]
         ^^^^^^^^^^^^^^^^^^^^^^^^^^^^^^^^^^^^^^^^^^^^^^
  File "/home/kasmi/Disk/Software/python/packages/werkzeug/routing/map.py", line 924, in build
    raise BuildError(endpoint, values, method, self)
werkzeug.routing.exceptions.BuildError: Could not build url for endpoint 'login'. Did you mean 'api_login' instead?
2026-01-28 15:59:01,947 - GenFishLIMS - WARNING - Database transaction rolled back due to exception.
2026-01-28 15:59:12,969 - app - ERROR - Exception on /login [GET]
Traceback (most recent call last):
  File "/home/kasmi/Disk/Software/python/packages/flask/app.py", line 1511, in wsgi_app
    response = self.full_dispatch_request()
               ^^^^^^^^^^^^^^^^^^^^^^^^^^^^
  File "/home/kasmi/Disk/Software/python/packages/flask/app.py", line 919, in full_dispatch_request
    rv = self.handle_user_exception(e)
         ^^^^^^^^^^^^^^^^^^^^^^^^^^^^^
  File "/home/kasmi/Disk/Software/python/packages/flask_cors/extension.py", line 176, in wrapped_function
    return cors_after_request(app.make_response(f(*args, **kwargs)))
                                                ^^^^^^^^^^^^^^^^^^
  File "/home/kasmi/Disk/Software/python/packages/flask/app.py", line 917, in full_dispatch_request
    rv = self.dispatch_request()
         ^^^^^^^^^^^^^^^^^^^^^^^
  File "/home/kasmi/Disk/Software/python/packages/flask/app.py", line 902, in dispatch_request
    return self.ensure_sync(self.view_functions[rule.endpoint])(**view_args)  # type: ignore[no-any-return]
           ^^^^^^^^^^^^^^^^^^^^^^^^^^^^^^^^^^^^^^^^^^^^^^^^^^^^^^^^^^^^^^^^^
  File "/home/kasmi/Disk/Software/opt/apps/mylims_v202508_UI/app.py", line 348, in view_login
    return render_template('lims_login.html')
           ^^^^^^^^^^^^^^^^^^^^^^^^^^^^^^^^^^
  File "/home/kasmi/Disk/Software/python/packages/flask/templating.py", line 150, in render_template
    return _render(app, template, context)
           ^^^^^^^^^^^^^^^^^^^^^^^^^^^^^^^
  File "/home/kasmi/Disk/Software/python/packages/flask/templating.py", line 131, in _render
    rv = template.render(context)
         ^^^^^^^^^^^^^^^^^^^^^^^^
  File "/home/kasmi/Disk/Software/python/packages/jinja2/environment.py", line 1295, in render
    self.environment.handle_exception()
  File "/home/kasmi/Disk/Software/python/packages/jinja2/environment.py", line 942, in handle_exception
    raise rewrite_traceback_stack(source=source)
  File "/home/kasmi/Disk/Software/opt/apps/mylims_v202508_UI/templates/lims_login.html", line 44, in top-level template code
    <form action="{{ url_for('login') }}" method="POST" class="space-y-6">
    ^^^^^^^^^^^^^^^^^^^^^^^^^
  File "/home/kasmi/Disk/Software/python/packages/flask/app.py", line 1121, in url_for
    return self.handle_url_build_error(error, endpoint, values)
           ^^^^^^^^^^^^^^^^^^^^^^^^^^^^^^^^^^^^^^^^^^^^^^^^^^^^
  File "/home/kasmi/Disk/Software/python/packages/flask/app.py", line 1110, in url_for
    rv = url_adapter.build(  # type: ignore[union-attr]
         ^^^^^^^^^^^^^^^^^^^^^^^^^^^^^^^^^^^^^^^^^^^^^^
  File "/home/kasmi/Disk/Software/python/packages/werkzeug/routing/map.py", line 924, in build
    raise BuildError(endpoint, values, method, self)
werkzeug.routing.exceptions.BuildError: Could not build url for endpoint 'login'. Did you mean 'api_login' instead?
2026-01-28 15:59:12,971 - GenFishLIMS - WARNING - Database transaction rolled back due to exception.
